[OK] Registry loaded: 28 total skills
     Ready: 9, Discovered: 19
[OK] Loaded skill: git_push_autonomous
[FAIL] Failed to load skill memory_store_transition: 'NoneType' object has no attribute '__dict__'
[OK] Loaded skill: memory_tagger
[OK] Loaded skill: mock_committer
[OK] Loaded skill: mock_validator
[OK] Loaded skill: notebook_query
[OK] Loaded skill: registry_list
[FAIL] Failed to load skill skill_orchestrator: attempted relative import with no known parent package
[FAIL] Failed to load skill yaml_redirect_validator: 'NoneType' object has no attribute '__dict__'
User Query: What are the 27 thoughts on agentic safety and the 7 levels of memory?

[1/2] Running MemoryTaggerSkill...
  OK: Tags extracted: ['#RBAC', '#SAFETY', '#SECURITY', '#FINGERPRINTING', '#ZEROTRUST']
  OK: Notebooks matched:
[
    {
        "id": "TBD-SECURITY-ID",
        "title": "Safe AI Factory: Security & Identity"
    }
]

[2/2] Routing to NotebookQuerySkill...
  INFO: Prepared to query 1 notebooks selectively.
  TARGET: Safe AI Factory: Security & Identity (ID: TBD-SECURITY-ID)
